# 2020.07.28
# Learn to Python


* GitHub Guide URL : https://guides.github.com/

* git init setting
$ cd /c/Users/jihyu #경로설정
$ git config --global user.name "shinjihyun"
$ git config --global user.email skswlgusdldi@naver.com
$ git clone https://github.com/shinjihyun/learn_to_python.git


$ mkdir ltp   #폴더생성
$ cd ltp #폴더이동
$ git init
$ git remote add origin https://github.com/shinjihyun/learn_to_python.git
$ git push -u origin master

* 인덱스에 파일 추가 > stage (git add)
$ ls				#해당 경로에 파일 확인
20200728_git_error.txt  20200728_git_init_setting.txt

$ git status			#상태 확인
On branch LearnToPython

No commits yet

nothing to commit (create/copy files and use "git add" to track)

$ git add 20200728_git_error.txt	#"20200728_git_error.txt" 파일을 인덱스에 스테이지 함
				
$ git status			#상태 확인
On branch LearnToPython

No commits yet

Changes to be committed:			#"20200728_git_error.txt" 파일이 인덱스(Staging Area)에 포함된 것을 확인
  (use "git rm --cached <file>..." to unstage)	#'Changes to be committed' 목록에 있는 파일은 Staged 상태라는 것을 의미
        new file:   20200728_git_error.txt

Untracked files:
  (use "git add <file>..." to include in what will be committed)
        20200728_git_init_setting.txt

$ git rm --cached 20200728_git_error.txt	#인덱스에 추가된 파일을 제외시키려면 'git rm --cached' 명령을 사용
rm 'ltp_20200728/20200728_git_error.txt'

$ git status				#상태 확인
On branch LearnToPython

No commits yet

Untracked files:				#인덱스(Staging Area)에 포함되었던 "20200728_git_error.txt" 파일이 제외된 것을 확인
  (use "git add <file>..." to include in what will be committed)
        ./

nothing added to commit but untracked files present (use "git add" to track)

$ git add .				#추가하려는 파일이 많을 경우 git add . 명령을 이용하면 해당 폴더의 Untracked Files 모두를 한번에 stage 하는 것이 가능.
					
$ git status
On branch LearnToPython

No commits yet

Changes to be committed:			#파일 2개(20200728_git_error.txt, 20200728_git_init_setting.txt) 모두 인덱스(Staging Area)에 포함된 것을 확인

  (use "git rm --cached <file>..." to unstage)
        new file:   20200728_git_error.txt
        new file:   20200728_git_init_setting.txt

$ git commit -m "first commit"		#'git commit -m "커밋코멘트" 명령을 실행하여 파일 2개를 HEAD에 적용
[LearnToPython (root-commit) 99407c3] first commit
 2 files changed, 101 insertions(+)
 create mode 100644 ltp_20200728/20200728_git_error.txt
 create mode 100644 ltp_20200728/20200728_git_init_setting.txt

$ git log					#commit 이후 'git log' 명령을 실행해 보면 commit history 가 정상적으로 남은 것을 볼수 있음
commit 99407c3f2199707c8ab9d5d4920afd28fa902de5 (HEAD -> LearnToPython)
Author: shinjihyun <skswlgusdldi@naver.com>	#author 영역의 이름과 이메일 주소는 git config 명령을 통해 세팅했던 user.name과 user.email 값이 표기
Date:   Tue Jul 28 17:14:51 2020 +0900

    first commit				# commit 시 -m옵션을 통해 남겼던 코멘트도 보여집니다.

					# git commit -a 옵션을 사용하면 스테이징 절차(add)를 생략하고 바로 add와 commit을 동시에 하는 것도 가능.


$ 
$ 
$ 
$ 
$ 
$ 
$ 
$ 
$ 
$ 
$ 
$ 
$ 
$ 
$ 
$ 
$ 
$ 
$ 
$ 
$ 
$ 
$ 
$ 
$ 
$ 
$ 
$ 
$ 
$ 
$ 
$ 
$ 
