#git push method


$ git status

$ git add *

$ git status

$ git commit -m "커밋메시지"

$ git push origin 브랜치명(master or jihyun)




-- 예제

jihyu@DESKTOP-ILOKOQI MINGW64 ~/LearnToPython (jihyun)
$ git status
On branch jihyun
Your branch is up to date with 'origin/jihyun'.

Untracked files:
  (use "git add <file>..." to include in what will be committed)
        GitHub/UnixLinuxCommandDictionary/git push.txt
        GitHub/UnixLinuxCommandDictionary/git remote.txt
        GitHub/git_push.txt

nothing added to commit but untracked files present (use "git add" to track)

jihyu@DESKTOP-ILOKOQI MINGW64 ~/LearnToPython (jihyun)
$ git add *

jihyu@DESKTOP-ILOKOQI MINGW64 ~/LearnToPython (jihyun)
$ git status
On branch jihyun
Your branch is up to date with 'origin/jihyun'.

Changes to be committed:
  (use "git restore --staged <file>..." to unstage)
        new file:   GitHub/UnixLinuxCommandDictionary/git push.txt
        new file:   GitHub/UnixLinuxCommandDictionary/git remote.txt
        new file:   GitHub/git_push.txt


jihyu@DESKTOP-ILOKOQI MINGW64 ~/LearnToPython (jihyun)
$ git commit -m "Update 20200731"
[jihyun 66a7a88] Update 20200731
 3 files changed, 50 insertions(+)
 create mode 100644 GitHub/UnixLinuxCommandDictionary/git push.txt
 create mode 100644 GitHub/UnixLinuxCommandDictionary/git remote.txt
 create mode 100644 GitHub/git_push.txt

jihyu@DESKTOP-ILOKOQI MINGW64 ~/LearnToPython (jihyun)
$ git push origin jihyun
Enumerating objects: 10, done.
Counting objects: 100% (10/10), done.
Delta compression using up to 8 threads
Compressing objects: 100% (7/7), done.
Writing objects: 100% (7/7), 1.55 KiB | 1.55 MiB/s, done.
Total 7 (delta 3), reused 0 (delta 0), pack-reused 0
remote: Resolving deltas: 100% (3/3), completed with 2 local objects.
To https://github.com/shinjihyun/LearnToPython.git
   a70255f..66a7a88  jihyun -> jihyun
